[themepresss.com/tf/html/telusa/telusa/index.html]
[backblue.gif]
[fade.gif]
[index.html]
[themepresss.com/tf/html/telusa/telusa/assets/css/themify-icons.css]
[themepresss.com/tf/html/telusa/telusa/assets/css/flaticon.css]
[themepresss.com/tf/html/telusa/telusa/assets/css/bootstrap.min.css]
[themepresss.com/tf/html/telusa/telusa/assets/css/owl.carousel.css]
[themepresss.com/tf/html/telusa/telusa/assets/css/owl.theme.css]
[themepresss.com/tf/html/telusa/telusa/assets/css/slick.css]
[themepresss.com/tf/html/telusa/telusa/assets/css/slick-theme.css]
[themepresss.com/tf/html/telusa/telusa/assets/css/odometer-theme-default.css]
[themepresss.com/tf/html/telusa/telusa/assets/css/owl.transitions.css]
[themepresss.com/tf/html/telusa/telusa/assets/css/jquery.fancybox.css]
[themepresss.com/tf/html/telusa/telusa/assets/css/animate.css]
[themepresss.com/tf/html/telusa/telusa/assets/css/magnific-popup.css]
[themepresss.com/tf/html/telusa/telusa/assets/css/style.css]
[themepresss.com/tf/html/telusa/telusa/assets/css/responsive.css]
[themepresss.com/tf/html/telusa/telusa/assets/images/logo/logo.png]
[themepresss.com/tf/html/telusa/telusa/blog-width-sidebar.html]
[themepresss.com/tf/html/telusa/telusa/assets/images/slider/slide-1.jpg]
[themepresss.com/tf/html/telusa/telusa/assets/images/about/1.jpg]
[themepresss.com/tf/html/telusa/telusa/assets/index.html]
[themepresss.com/tf/html/telusa/telusa/assets/images/gallery/img-1.jpg]
[themepresss.com/tf/html/telusa/telusa/assets/images/gallery/img-2.jpg]
[themepresss.com/tf/html/telusa/telusa/assets/images/gallery/img-3.jpg]
[themepresss.com/tf/html/telusa/telusa/assets/images/gallery/img-4.jpg]
[themepresss.com/tf/html/telusa/telusa/assets/images/gallery/img-5.jpg]
[themepresss.com/tf/html/telusa/telusa/assets/images/gallery/img-6.jpg]
[themepresss.com/tf/html/telusa/telusa/assets/images/testimonials/img-1.jpg]
[themepresss.com/tf/html/telusa/telusa/assets/images/testimonials/img-2.jpg]
[themepresss.com/tf/html/telusa/telusa/assets/images/blog/1.jpg]
[themepresss.com/tf/html/telusa/telusa/blog-single.html]
[themepresss.com/tf/html/telusa/telusa/assets/images/blog/2.jpg]
[themepresss.com/tf/html/telusa/telusa/assets/images/blog/3.jpg]
[themepresss.com/tf/html/telusa/telusa/assets/js/bootstrap.min.js]
[themepresss.com/tf/html/telusa/telusa/assets/js/owl.carousel.min.js]
[themepresss.com/tf/html/telusa/telusa/index.html]
[themepresss.com/tf/html/telusa/telusa/assets/js/script.js]
[themepresss.com/tf/html/telusa/telusa/assets/fonts/themify9f24.eot]
[themepresss.com/tf/html/telusa/telusa/assets/js/jquery.min.js]
[themepresss.com/tf/html/telusa/telusa/assets/fonts/themifyd41d.eot]
[themepresss.com/tf/html/telusa/telusa/assets/fonts/themify9f24.woff]
[themepresss.com/tf/html/telusa/telusa/assets/js/jquery-plugin-collection.js]
[themepresss.com/tf/html/telusa/telusa/assets/css/themify-icons.css]
[themepresss.com/tf/html/telusa/telusa/assets/fonts/Flaticon.eot]
[themepresss.com/tf/html/telusa/telusa/assets/fonts/Flaticon.woff]
[themepresss.com/tf/html/telusa/telusa/assets/fonts/themify9f24.svg]
[themepresss.com/tf/html/telusa/telusa/assets/fonts/Flaticond41d.eot]
[themepresss.com/tf/html/telusa/telusa/assets/css/flaticon.css]
[themepresss.com/tf/html/telusa/telusa/assets/fonts/Flaticon.svg]
[themepresss.com/tf/html/telusa/telusa/assets/fonts/Flaticon.ttf]
[themepresss.com/tf/html/telusa/telusa/assets/fonts/glyphicons-halflings-regular.eot]
[themepresss.com/tf/html/telusa/telusa/assets/fonts/glyphicons-halflings-regular.woff2]
[themepresss.com/tf/html/telusa/telusa/assets/fonts/glyphicons-halflings-regulard41d.eot]
[themepresss.com/tf/html/telusa/telusa/assets/fonts/themify9f24.ttf]
[themepresss.com/tf/html/telusa/telusa/assets/fonts/glyphicons-halflings-regular.woff]
[themepresss.com/tf/html/telusa/telusa/assets/css/bootstrap.min.css]
[themepresss.com/tf/html/telusa/telusa/assets/css/animate.css]
[themepresss.com/tf/html/telusa/telusa/assets/fonts/glyphicons-halflings-regular.svg]
[themepresss.com/tf/html/telusa/telusa/assets/css/owl.video.play.png]
[themepresss.com/tf/html/telusa/telusa/assets/css/owl.carousel.css]
[themepresss.com/tf/html/telusa/telusa/assets/css/owl.theme.css]
[themepresss.com/tf/html/telusa/telusa/assets/css/slick.css]
[themepresss.com/tf/html/telusa/telusa/assets/images/ajax-loader.gif]
[themepresss.com/tf/html/telusa/telusa/assets/fonts/slick.eot]
[themepresss.com/tf/html/telusa/telusa/assets/fonts/slickd41d.eot]
[themepresss.com/tf/html/telusa/telusa/assets/fonts/slick.woff]
[themepresss.com/tf/html/telusa/telusa/assets/fonts/slick.ttf]
[themepresss.com/tf/html/telusa/telusa/assets/css/slick-theme.css]
[themepresss.com/tf/html/telusa/telusa/assets/css/odometer-theme-default.css]
[themepresss.com/tf/html/telusa/telusa/assets/css/owl.transitions.css]
[themepresss.com/tf/html/telusa/telusa/assets/fonts/slick.svg]
[themepresss.com/tf/html/telusa/telusa/assets/images/fancybox/fancybox_sprite.png]
[themepresss.com/tf/html/telusa/telusa/assets/images/fancybox/fancybox_loading.gif]
[themepresss.com/tf/html/telusa/telusa/assets/fonts/glyphicons-halflings-regular.ttf]
[themepresss.com/tf/html/telusa/telusa/assets/images/fancybox/blank.gif]
[themepresss.com/tf/html/telusa/telusa/assets/images/fancybox/fancybox_overlay.png]
[themepresss.com/tf/html/telusa/telusa/assets/images/fancybox/fancybox_sprite@2x.png]
[themepresss.com/tf/html/telusa/telusa/assets/images/fancybox/fancybox_loading@2x.gif]
[themepresss.com/tf/html/telusa/telusa/assets/css/jquery.fancybox.css]
[themepresss.com/tf/html/telusa/telusa/assets/css/magnific-popup.css]
[themepresss.com/tf/html/telusa/telusa/assets/images/select-icon.png]
[themepresss.com/tf/html/telusa/telusa/assets/images/page-title.jpg]
[themepresss.com/tf/html/telusa/telusa/assets/css/style.css]
[themepresss.com/tf/html/telusa/telusa/assets/css/responsive.css]
[themepresss.com/tf/html/telusa/telusa/assets/images/blog/img-7.jpg]
[themepresss.com/tf/html/telusa/telusa/assets/images/blog/author.jpg]
[themepresss.com/tf/html/telusa/telusa/assets/images/blog/img-8.jpg]
[themepresss.com/tf/html/telusa/telusa/assets/images/blog/img-9.jpg]
[themepresss.com/tf/html/telusa/telusa/assets/images/blog/img-10.jpg]
[themepresss.com/tf/html/telusa/telusa/assets/images/recent-posts/img-1.jpg]
[themepresss.com/tf/html/telusa/telusa/assets/images/recent-posts/img-2.jpg]
[themepresss.com/tf/html/telusa/telusa/assets/images/recent-posts/img-3.jpg]
[themepresss.com/tf/html/telusa/telusa/blog-width-sidebar.html]
[themepresss.com/tf/html/telusa/telusa/assets/index.html]
[themepresss.com/tf/html/telusa/telusa/assets/images/blog-details/author.jpg]
[themepresss.com/tf/html/telusa/telusa/0.4b.delayed]
[themepresss.com/tf/html/telusa/telusa/assets/images/blog-details/comments-author/img-1.jpg]
[themepresss.com/tf/html/telusa/telusa/assets/images/blog-details/comments-author/img-2.jpg]
[themepresss.com/tf/html/telusa/telusa/assets/images/blog-details/comments-author/img-3.jpg]
[themepresss.com/tf/html/telusa/telusa/blog-single.html]
[themepresss.com/tf/html/telusa/telusa/assets/fonts/themify9f24.svg]
[themepresss.com/tf/html/telusa/telusa/assets/fonts/Flaticon.svg]
[themepresss.com/tf/html/telusa/telusa/assets/fonts/glyphicons-halflings-regular.svg]
[themepresss.com/tf/html/telusa/telusa/assets/css/owl.video.play.html]
[themepresss.com/tf/html/telusa/telusa/assets/fonts/slick.svg]
[themepresss.com/tf/html/telusa/telusa/assets/images/select-icon.html]
[themepresss.com/tf/html/telusa/telusa/0.html]
